{"at":1787928294856,"version":"v0.2.0","entry":{"at":1787928292762,"kind":"bundle","message":"eteams client bundle loaded v0.2.0"}}
{"at":1787928522126,"version":"v0.2.0","entry":{"at":1787928520045,"kind":"bundle","message":"eteams client bundle loaded v0.2.0"}}
{"at":1787976708523,"version":"v0.2.0","entry":{"at":1787976706503,"kind":"bundle","message":"eteams client bundle loaded v0.2.0"}}
{"at":1787976936450,"version":"v0.2.0","entry":{"at":1787976934446,"kind":"bundle","message":"eteams client bundle loaded v0.2.0"}}
{"at":1787977111416,"version":"v0.2.0","entry":{"at":1787977109411,"kind":"bundle","message":"eteams client bundle loaded v0.2.0"}}
{"at":1787977921604,"version":"v0.2.0","entry":{"at":1787977919600,"kind":"bundle","message":"eteams client bundle loaded v0.2.0"}}
{"at":1787978614377,"version":"v0.2.0","entry":{"at":1787978612371,"kind":"bundle","message":"eteams client bundle loaded v0.2.0"}}
{"at":1787979487454,"version":"v0.2.0","entry":{"at":1787979485447,"kind":"bundle","message":"eteams client bundle loaded v0.2.0"}}
{"at":1787979874487,"version":"v0.2.0","entry":{"at":1787979872481,"kind":"bundle","message":"eteams client bundle loaded v0.2.0"}}
{"at":1787979919567,"version":"v0.2.0","entry":{"at":1787979917552,"kind":"bundle","message":"eteams client bundle loaded v0.2.0"}}
{"at":1787980703418,"version":"v0.2.0","entry":{"at":1787979917552,"kind":"bundle","message":"eteams client bundle loaded v0.2.0"}}
{"at":1787980703418,"version":"v0.2.0","entry":{"at":1787980701415,"kind":"error","message":"Uncaught ReferenceError: exports is not defined","source":"http://127.0.0.1:43120/plugins/dsh-eteams/client.js?rev=a2954e267f38:1:23"}}
{"at":1787980704318,"version":"v0.2.0","entry":{"at":1787980702316,"kind":"bundle","message":"eteams client bundle loaded v0.2.0"}}
{"at":1787980844706,"version":"v0.2.0","entry":{"at":1787980842623,"kind":"bundle","message":"eteams client bundle loaded v0.2.0"}}
{"at":1787982457701,"version":"v0.2.0","entry":{"at":1787980842623,"kind":"bundle","message":"eteams client bundle loaded v0.2.0"}}
{"at":1787982457701,"version":"v0.2.0","entry":{"at":1787982454211,"kind":"error","message":"Uncaught ReferenceError: exports is not defined","source":"http://127.0.0.1:43120/plugins/dsh-eteams/client.js?rev=70448e349038:1:23"}}
{"at":1787982459218,"version":"v0.2.0","entry":{"at":1787982456471,"kind":"bundle","message":"eteams client bundle loaded v0.2.0"}}
{"at":1787982649189,"version":"v0.2.0","entry":{"at":1787982647133,"kind":"bundle","message":"eteams client bundle loaded v0.2.0"}}
{"at":1787983222862,"version":"v0.2.0","entry":{"at":1787982647133,"kind":"bundle","message":"eteams client bundle loaded v0.2.0"}}
{"at":1787983222862,"version":"v0.2.0","entry":{"at":1787983220858,"kind":"error","message":"Uncaught ReferenceError: exports is not defined","source":"http://127.0.0.1:43120/plugins/dsh-eteams/client.js?rev=3b1ff9c4c817:1:23"}}
{"at":1787983223875,"version":"v0.2.0","entry":{"at":1787983221865,"kind":"bundle","message":"eteams client bundle loaded v0.2.0"}}
{"at":1787984552971,"version":"v0.2.0","entry":{"at":1787984550954,"kind":"bundle","message":"eteams client bundle loaded v0.2.0"}}
{"at":1787985170225,"version":"v0.2.0","entry":{"at":1787985167543,"kind":"bundle","message":"eteams client bundle loaded v0.2.0"}}
{"at":1787985289678,"version":"v0.2.0","entry":{"at":1787985287673,"kind":"bundle","message":"eteams client bundle loaded v0.2.0"}}
{"at":1787986390934,"version":"v0.2.0","entry":{"at":1787986388917,"kind":"bundle","message":"eteams client bundle loaded v0.2.0"}}
{"at":1787986449258,"version":"v0.2.0","entry":{"at":1787986447252,"kind":"bundle","message":"eteams client bundle loaded v0.2.0"}}
{"at":1787987816718,"version":"v0.2.0","entry":{"at":1787987814710,"kind":"bundle","message":"eteams client bundle loaded v0.2.0"}}
{"at":1787988231724,"version":"v0.2.0","entry":{"at":1787988229710,"kind":"bundle","message":"eteams client bundle loaded v0.2.0"}}
{"at":1787989164210,"version":"v0.2.0","entry":{"at":1787989161820,"kind":"bundle","message":"eteams client bundle loaded v0.2.0"}}
{"at":1787989593070,"version":"v0.2.0","entry":{"at":1787989590998,"kind":"bundle","message":"eteams client bundle loaded v0.2.0"}}
{"at":1787990432212,"version":"v0.2.0","entry":{"at":1787990429599,"kind":"bundle","message":"eteams client bundle loaded v0.2.0"}}
{"at":1787990835428,"version":"v0.2.0","entry":{"at":1787990833424,"kind":"bundle","message":"eteams client bundle loaded v0.2.0"}}
{"at":1787990990223,"version":"v0.2.0","entry":{"at":1787990987422,"kind":"bundle","message":"eteams client bundle loaded v0.2.0"}}
{"at":1787991721916,"version":"v0.2.0","entry":{"at":1787990987422,"kind":"bundle","message":"eteams client bundle loaded v0.2.0"}}
{"at":1787991721916,"version":"v0.2.0","entry":{"at":1787991719913,"kind":"error","message":"Uncaught ReferenceError: exports is not defined","source":"http://127.0.0.1:43120/plugins/dsh-eteams/client.js?rev=ba0428e22045:1:23"}}
{"at":1787991722615,"version":"v0.2.0","entry":{"at":1787991720609,"kind":"bundle","message":"eteams client bundle loaded v0.2.0"}}
{"at":1787991754892,"version":"v0.2.0","entry":{"at":1787990987422,"kind":"bundle","message":"eteams client bundle loaded v0.2.0"}}
{"at":1787991754892,"version":"v0.2.0","entry":{"at":1787991719913,"kind":"error","message":"Uncaught ReferenceError: exports is not defined","source":"http://127.0.0.1:43120/plugins/dsh-eteams/client.js?rev=ba0428e22045:1:23"}}
{"at":1787991754892,"version":"v0.2.0","entry":{"at":1787991752886,"kind":"error","message":"Uncaught SyntaxError: Identifier 'react_jsx_runtime' has already been declared","source":"http://127.0.0.1:43120/plugins/dsh-eteams/client.js?rev=ba0428e22045:1:1"}}
{"at":1787991754907,"version":"v0.2.0","entry":{"at":1787991720609,"kind":"bundle","message":"eteams client bundle loaded v0.2.0"}}
{"at":1787991754907,"version":"v0.2.0","entry":{"at":1787991752886,"kind":"error","message":"Uncaught SyntaxError: Identifier 'react_jsx_runtime' has already been declared","source":"http://127.0.0.1:43120/plugins/dsh-eteams/client.js?rev=ba0428e22045:1:1"}}
{"at":1787991755609,"version":"v0.2.0","entry":{"at":1787991753602,"kind":"bundle","message":"eteams client bundle loaded v0.2.0"}}
{"at":1787991828010,"version":"v0.2.0","entry":{"at":1787991826002,"kind":"bundle","message":"eteams client bundle loaded v0.2.0"}}
{"at":1787992363219,"version":"v0.2.0","entry":{"at":1787992361215,"kind":"bundle","message":"eteams client bundle loaded v0.2.0"}}
{"at":1787993131784,"version":"v0.2.0","entry":{"at":1787993129779,"kind":"bundle","message":"eteams client bundle loaded v0.2.0"}}
{"at":1787994316223,"version":"v0.2.0","entry":{"at":1787994312879,"kind":"bundle","message":"eteams client bundle loaded v0.2.0"}}
{"at":1787994671046,"version":"v0.2.0","entry":{"at":1787994669041,"kind":"bundle","message":"eteams client bundle loaded v0.2.0"}}
{"at":1787998904257,"version":"v0.2.0","entry":{"at":1787994669041,"kind":"bundle","message":"eteams client bundle loaded v0.2.0"}}
{"at":1787998904257,"version":"v0.2.0","entry":{"at":1787998901042,"kind":"error","message":"Uncaught ReferenceError: exports is not defined","source":"http://127.0.0.1:43120/plugins/dsh-eteams/client.js?rev=8a2c321c460f:1:23"}}
{"at":1787998905212,"version":"v0.2.0","entry":{"at":1787998903116,"kind":"bundle","message":"eteams client bundle loaded v0.2.0"}}
{"at":1787999010198,"version":"v0.2.0","entry":{"at":1787999007918,"kind":"bundle","message":"eteams client bundle loaded v0.2.0"}}
{"at":1788002524968,"version":"v0.2.0","entry":{"at":1788002522962,"kind":"bundle","message":"eteams client bundle loaded v0.2.0"}}
{"at":1788002923355,"version":"v0.2.0","entry":{"at":1788002921346,"kind":"bundle","message":"eteams client bundle loaded v0.2.0"}}
{"at":1788004282836,"version":"v0.2.0","entry":{"at":1788004280831,"kind":"bundle","message":"eteams client bundle loaded v0.2.0"}}
{"at":1788004378919,"version":"v0.2.0","entry":{"at":1788004376759,"kind":"bundle","message":"eteams client bundle loaded v0.2.0"}}
{"at":1788005410911,"version":"v0.2.0","entry":{"at":1788005408649,"kind":"bundle","message":"eteams client bundle loaded v0.2.0"}}
{"at":1788006028962,"version":"v0.2.0","entry":{"at":1788004376759,"kind":"bundle","message":"eteams client bundle loaded v0.2.0"}}
{"at":1788006028962,"version":"v0.2.0","entry":{"at":1788006026958,"kind":"error","message":"Uncaught ReferenceError: exports is not defined","source":"http://127.0.0.1:43120/plugins/dsh-eteams/client.js?rev=e5fd501c9819:1:23"}}
{"at":1788006028977,"version":"v0.2.0","entry":{"at":1788005408649,"kind":"bundle","message":"eteams client bundle loaded v0.2.0"}}
{"at":1788006028977,"version":"v0.2.0","entry":{"at":1788006026958,"kind":"error","message":"Uncaught ReferenceError: exports is not defined","source":"http://127.0.0.1:43120/plugins/dsh-eteams/client.js?rev=e5fd501c9819:1:23"}}
{"at":1788006030121,"version":"v0.2.0","entry":{"at":1788006028116,"kind":"bundle","message":"eteams client bundle loaded v0.2.0"}}
{"at":1788006740911,"version":"v0.2.0","entry":{"at":1788006738819,"kind":"bundle","message":"eteams client bundle loaded v0.2.0"}}
{"at":1788006740911,"version":"v0.2.0","entry":{"at":1788006739714,"kind":"persona-restore","message":"M4 只读面板：仅支持 GET（写路由除外）"}}
{"at":1788006942746,"version":"v0.2.0","entry":{"at":1788006940742,"kind":"bundle","message":"eteams client bundle loaded v0.2.0"}}
{"at":1788008009320,"version":"v0.2.0","entry":{"at":1788008007317,"kind":"bundle","message":"eteams client bundle loaded v0.2.0"}}
{"at":1788014346304,"version":"v0.2.0","entry":{"at":1788014344289,"kind":"bundle","message":"eteams client bundle loaded v0.2.0"}}
{"at":1788054059303,"version":"v0.2.0","entry":{"at":1788054057287,"kind":"bundle","message":"eteams client bundle loaded v0.2.0"}}
{"at":1788057765112,"version":"v0.2.0","entry":{"at":1788057763109,"kind":"bundle","message":"eteams client bundle loaded v0.2.0"}}
{"at":1788058537434,"version":"v0.2.0","entry":{"at":1788054057287,"kind":"bundle","message":"eteams client bundle loaded v0.2.0"}}
{"at":1788058537435,"version":"v0.2.0","entry":{"at":1788058534937,"kind":"error","message":"Uncaught ReferenceError: exports is not defined","source":"http://127.0.0.1:43120/plugins/dsh-eteams/client.js?rev=036d8823aee7:1:23"}}
{"at":1788058537446,"version":"v0.2.0","entry":{"at":1788057763109,"kind":"bundle","message":"eteams client bundle loaded v0.2.0"}}
{"at":1788058537446,"version":"v0.2.0","entry":{"at":1788058534937,"kind":"error","message":"Uncaught ReferenceError: exports is not defined","source":"http://127.0.0.1:43120/plugins/dsh-eteams/client.js?rev=036d8823aee7:1:23"}}
{"at":1788058538438,"version":"v0.2.0","entry":{"at":1788058535844,"kind":"bundle","message":"eteams client bundle loaded v0.2.0"}}
{"at":1788059658607,"version":"v0.2.0","entry":{"at":1788059656603,"kind":"bundle","message":"eteams client bundle loaded v0.2.0"}}
{"at":1788067372210,"version":"v0.2.0","entry":{"at":1788054057287,"kind":"bundle","message":"eteams client bundle loaded v0.2.0"}}
{"at":1788067372210,"version":"v0.2.0","entry":{"at":1788058534937,"kind":"error","message":"Uncaught ReferenceError: exports is not defined","source":"http://127.0.0.1:43120/plugins/dsh-eteams/client.js?rev=036d8823aee7:1:23"}}
{"at":1788067372210,"version":"v0.2.0","entry":{"at":1788067370206,"kind":"error","message":"Uncaught SyntaxError: Identifier 'react_jsx_runtime' has already been declared","source":"http://127.0.0.1:43120/plugins/dsh-eteams/client.js?rev=036d8823aee7:1:1"}}
{"at":1788067372224,"version":"v0.2.0","entry":{"at":1788057763109,"kind":"bundle","message":"eteams client bundle loaded v0.2.0"}}
{"at":1788067372224,"version":"v0.2.0","entry":{"at":1788058534937,"kind":"error","message":"Uncaught ReferenceError: exports is not defined","source":"http://127.0.0.1:43120/plugins/dsh-eteams/client.js?rev=036d8823aee7:1:23"}}
{"at":1788067372224,"version":"v0.2.0","entry":{"at":1788067370206,"kind":"error","message":"Uncaught SyntaxError: Identifier 'react_jsx_runtime' has already been declared","source":"http://127.0.0.1:43120/plugins/dsh-eteams/client.js?rev=036d8823aee7:1:1"}}
{"at":1788067372238,"version":"v0.2.0","entry":{"at":1788058535844,"kind":"bundle","message":"eteams client bundle loaded v0.2.0"}}
{"at":1788067372238,"version":"v0.2.0","entry":{"at":1788067370206,"kind":"error","message":"Uncaught SyntaxError: Identifier 'react_jsx_runtime' has already been declared","source":"http://127.0.0.1:43120/plugins/dsh-eteams/client.js?rev=036d8823aee7:1:1"}}
{"at":1788067372250,"version":"v0.2.0","entry":{"at":1788059656603,"kind":"bundle","message":"eteams client bundle loaded v0.2.0"}}
{"at":1788067372250,"version":"v0.2.0","entry":{"at":1788067370206,"kind":"error","message":"Uncaught SyntaxError: Identifier 'react_jsx_runtime' has already been declared","source":"http://127.0.0.1:43120/plugins/dsh-eteams/client.js?rev=036d8823aee7:1:1"}}
{"at":1788067373180,"version":"v0.2.0","entry":{"at":1788067371177,"kind":"bundle","message":"eteams client bundle loaded v0.2.0"}}
{"at":1788067499618,"version":"v0.2.0","entry":{"at":1788067497613,"kind":"bundle","message":"eteams client bundle loaded v0.2.0"}}
{"at":1788067970768,"version":"v0.2.0","entry":{"at":1788067968766,"kind":"bundle","message":"eteams client bundle loaded v0.2.0"}}
{"at":1788070175579,"version":"v0.2.0","entry":{"at":1788070173576,"kind":"bundle","message":"eteams client bundle loaded v0.2.0"}}
{"at":1788070498421,"version":"v0.2.0","entry":{"at":1788070496400,"kind":"bundle","message":"eteams client bundle loaded v0.2.0"}}
{"at":1788070965696,"version":"v0.2.0","entry":{"at":1788070963688,"kind":"bundle","message":"eteams client bundle loaded v0.2.0"}}
{"at":1788071348411,"version":"v0.2.0","entry":{"at":1788071346021,"kind":"bundle","message":"eteams client bundle loaded v0.2.0"}}
{"at":1788072580743,"version":"v0.2.0","entry":{"at":1788072578737,"kind":"bundle","message":"eteams client bundle loaded v0.2.0"}}
{"at":1788072956289,"version":"v0.2.0","entry":{"at":1788072578737,"kind":"bundle","message":"eteams client bundle loaded v0.2.0"}}
{"at":1788072956289,"version":"v0.2.0","entry":{"at":1788072954286,"kind":"error","message":"Uncaught ReferenceError: exports is not defined","source":"http://127.0.0.1:43120/plugins/dsh-eteams/client.js?rev=b0c7ae84f57e:1:23"}}
{"at":1788072956955,"version":"v0.2.0","entry":{"at":1788072954951,"kind":"bundle","message":"eteams client bundle loaded v0.2.0"}}
{"at":1788073002504,"version":"v0.2.0","entry":{"at":1788073000500,"kind":"bundle","message":"eteams client bundle loaded v0.2.0"}}
{"at":1788099423914,"version":"v0.2.0","entry":{"at":1788099421903,"kind":"bundle","message":"eteams client bundle loaded v0.2.0"}}
{"at":1788099544410,"version":"v0.2.0","entry":{"at":1788099542163,"kind":"bundle","message":"eteams client bundle loaded v0.2.0"}}
{"at":1788102488679,"version":"v0.2.0","entry":{"at":1788102486672,"kind":"error","message":"Uncaught ReferenceError: exports is not defined","source":"http://127.0.0.1:43120/plugins/dsh-eteams/client.js?rev=23febb203a5d:1:23"}}
{"at":1788102488693,"version":"v0.2.0","entry":{"at":1788099542163,"kind":"bundle","message":"eteams client bundle loaded v0.2.0"}}
{"at":1788102488693,"version":"v0.2.0","entry":{"at":1788102486672,"kind":"error","message":"Uncaught ReferenceError: exports is not defined","source":"http://127.0.0.1:43120/plugins/dsh-eteams/client.js?rev=23febb203a5d:1:23"}}
{"at":1788102898416,"version":"v0.2.0","entry":{"at":1788102895951,"kind":"error","message":"Uncaught SyntaxError: Identifier 'willChangeRe' has already been declared","source":"http://127.0.0.1:43120/plugins/dsh-eteams/client.js?rev=23febb203a5d:1:1"}}
{"at":1788102898429,"version":"v0.2.0","entry":{"at":1788099542163,"kind":"bundle","message":"eteams client bundle loaded v0.2.0"}}
{"at":1788102898429,"version":"v0.2.0","entry":{"at":1788102486672,"kind":"error","message":"Uncaught ReferenceError: exports is not defined","source":"http://127.0.0.1:43120/plugins/dsh-eteams/client.js?rev=23febb203a5d:1:23"}}
{"at":1788102898429,"version":"v0.2.0","entry":{"at":1788102895952,"kind":"error","message":"Uncaught SyntaxError: Identifier 'willChangeRe' has already been declared","source":"http://127.0.0.1:43120/plugins/dsh-eteams/client.js?rev=23febb203a5d:1:1"}}
{"at":1788145633284,"version":"v0.2.0","entry":{"at":1788145631262,"kind":"bundle","message":"eteams client bundle loaded v0.2.0"}}
{"at":1788146074247,"version":"v0.2.1","entry":{"at":1788146072140,"kind":"bundle","message":"eteams client bundle loaded v0.2.1"}}
{"at":1788146113703,"version":"v0.2.1","entry":{"at":1788146111554,"kind":"bundle","message":"eteams client bundle loaded v0.2.1"}}
{"at":1788146438242,"version":"v0.2.1","entry":{"at":1788146436196,"kind":"bundle","message":"eteams client bundle loaded v0.2.1"}}
{"at":1788146644924,"version":"v0.2.1","entry":{"at":1788146642580,"kind":"bundle","message":"eteams client bundle loaded v0.2.1"}}
{"at":1788147462247,"version":"v0.2.2","entry":{"at":1788147459464,"kind":"bundle","message":"eteams client bundle loaded v0.2.2"}}
{"at":1788167426569,"version":"v0.2.2","entry":{"at":1788167424494,"kind":"bundle","message":"eteams client bundle loaded v0.2.2"}}
{"at":1788170445353,"version":"v0.2.4","entry":{"at":1788170443032,"kind":"bundle","message":"eteams client bundle loaded v0.2.4"}}
{"at":1788170886059,"version":"v0.2.4","entry":{"at":1788170883957,"kind":"bundle","message":"eteams client bundle loaded v0.2.4"}}
{"at":1788170898624,"version":"v0.2.4","entry":{"at":1788170896387,"kind":"bundle","message":"eteams client bundle loaded v0.2.4"}}
{"at":1788171652884,"version":"v0.2.5","entry":{"at":1788171650877,"kind":"bundle","message":"eteams client bundle loaded v0.2.5"}}
{"at":1788171991332,"version":"v0.2.5","entry":{"at":1788171989221,"kind":"bundle","message":"eteams client bundle loaded v0.2.5"}}
{"at":1788172391035,"version":"v0.2.6","entry":{"at":1788172385997,"kind":"bundle","message":"eteams client bundle loaded v0.2.6"}}
{"at":1788173031091,"version":"v0.2.7","entry":{"at":1788173027907,"kind":"bundle","message":"eteams client bundle loaded v0.2.7"}}
{"at":1788173453411,"version":"v0.2.7","entry":{"at":1788173451097,"kind":"bundle","message":"eteams client bundle loaded v0.2.7"}}
{"at":1788173848830,"version":"v0.2.8","entry":{"at":1788173846801,"kind":"bundle","message":"eteams client bundle loaded v0.2.8"}}
{"at":1788177159089,"version":"v0.2.8","entry":{"at":1788177157049,"kind":"bundle","message":"eteams client bundle loaded v0.2.8"}}
{"at":1788177596029,"version":"v0.2.9","entry":{"at":1788177594022,"kind":"bundle","message":"eteams client bundle loaded v0.2.9"}}
{"at":1788178587509,"version":"v0.2.9","entry":{"at":1788178585279,"kind":"bundle","message":"eteams client bundle loaded v0.2.9"}}
{"at":1788180067678,"version":"v0.2.10","entry":{"at":1788180065655,"kind":"bundle","message":"eteams client bundle loaded v0.2.10"}}
{"at":1788180457552,"version":"v0.2.10","entry":{"at":1788180455544,"kind":"bundle","message":"eteams client bundle loaded v0.2.10"}}
{"at":1788182686267,"version":"v0.2.10","entry":{"at":1788182684139,"kind":"bundle","message":"eteams client bundle loaded v0.2.10"}}
{"at":1788183945568,"version":"v0.2.11","entry":{"at":1788183943550,"kind":"bundle","message":"eteams client bundle loaded v0.2.11"}}
{"at":1788184053036,"version":"v0.2.11","entry":{"at":1788184050865,"kind":"bundle","message":"eteams client bundle loaded v0.2.11"}}
{"at":1788185538783,"version":"v0.2.11","entry":{"at":1788185536775,"kind":"bundle","message":"eteams client bundle loaded v0.2.11"}}
{"at":1788186563033,"version":"v0.2.11","entry":{"at":1788186560984,"kind":"bundle","message":"eteams client bundle loaded v0.2.11"}}
{"at":1788188145313,"version":"v0.2.11","entry":{"at":1788188143307,"kind":"bundle","message":"eteams client bundle loaded v0.2.11"}}
{"at":1788188200877,"version":"v0.2.11","entry":{"at":1788188198867,"kind":"bundle","message":"eteams client bundle loaded v0.2.11"}}
{"at":1788188651282,"version":"v0.2.11","entry":{"at":1788188649194,"kind":"bundle","message":"eteams client bundle loaded v0.2.11"}}
{"at":1788189605031,"version":"v0.2.12","entry":{"at":1788189602689,"kind":"bundle","message":"eteams client bundle loaded v0.2.12"}}
{"at":1788227048325,"version":"v0.2.12","entry":{"at":1788227045977,"kind":"bundle","message":"eteams client bundle loaded v0.2.12"}}
{"at":1788229380350,"version":"v0.2.12","entry":{"at":1788229378007,"kind":"bundle","message":"eteams client bundle loaded v0.2.12"}}
{"at":1788229699840,"version":"v0.2.12","entry":{"at":1788229697809,"kind":"bundle","message":"eteams client bundle loaded v0.2.12"}}
{"at":1788232668040,"version":"v0.2.12","entry":{"at":1788232663899,"kind":"bundle","message":"eteams client bundle loaded v0.2.12"}}
{"at":1788235462555,"version":"v0.2.12","entry":{"at":1788235460537,"kind":"bundle","message":"eteams client bundle loaded v0.2.12"}}
{"at":1788236020321,"version":"v0.2.12","entry":{"at":1788236018313,"kind":"bundle","message":"eteams client bundle loaded v0.2.12"}}
{"at":1788237010436,"version":"v0.2.12","entry":{"at":1788237008422,"kind":"bundle","message":"eteams client bundle loaded v0.2.12"}}
{"at":1788238431976,"version":"v0.2.12","entry":{"at":1788238429958,"kind":"bundle","message":"eteams client bundle loaded v0.2.12"}}
{"at":1788240179479,"version":"v0.2.12","entry":{"at":1788240177471,"kind":"bundle","message":"eteams client bundle loaded v0.2.12"}}
{"at":1788241698444,"version":"v0.2.12","entry":{"at":1788241696430,"kind":"bundle","message":"eteams client bundle loaded v0.2.12"}}
{"at":1788242577335,"version":"v0.2.12","entry":{"at":1788242575226,"kind":"bundle","message":"eteams client bundle loaded v0.2.12"}}
{"at":1788243527045,"version":"v0.2.12","entry":{"at":1788243523854,"kind":"bundle","message":"eteams client bundle loaded v0.2.12"}}
{"at":1788246312037,"version":"v0.2.12","entry":{"at":1788246308331,"kind":"bundle","message":"eteams client bundle loaded v0.2.12"}}
{"at":1788248265977,"version":"v0.2.12","entry":{"at":1788248263317,"kind":"bundle","message":"eteams client bundle loaded v0.2.12"}}
{"at":1788248519052,"version":"v0.2.12","entry":{"at":1788248516302,"kind":"bundle","message":"eteams client bundle loaded v0.2.12"}}
{"at":1788250593347,"version":"v0.2.12","entry":{"at":1788250588912,"kind":"bundle","message":"eteams client bundle loaded v0.2.12"}}
{"at":1788252889395,"version":"v0.2.12","entry":{"at":1788252885253,"kind":"bundle","message":"eteams client bundle loaded v0.2.12"}}
{"at":1788253224533,"version":"v0.2.12","entry":{"at":1788253220471,"kind":"bundle","message":"eteams client bundle loaded v0.2.12"}}
{"at":1788253292313,"version":"v0.2.12","entry":{"at":1788253288212,"kind":"bundle","message":"eteams client bundle loaded v0.2.12"}}
{"at":1788254061095,"version":"v0.2.12","entry":{"at":1788254056907,"kind":"bundle","message":"eteams client bundle loaded v0.2.12"}}
{"at":1788254208199,"version":"v0.2.12","entry":{"at":1788254203415,"kind":"bundle","message":"eteams client bundle loaded v0.2.12"}}
{"at":1788257095822,"version":"v0.2.12","entry":{"at":1788257091603,"kind":"bundle","message":"eteams client bundle loaded v0.2.12"}}
{"at":1788258393240,"version":"v0.2.12","entry":{"at":1788258389044,"kind":"bundle","message":"eteams client bundle loaded v0.2.12"}}
{"at":1788261034018,"version":"v0.2.12","entry":{"at":1788261029855,"kind":"bundle","message":"eteams client bundle loaded v0.2.12"}}
{"at":1788261270638,"version":"v0.2.12","entry":{"at":1788261266475,"kind":"bundle","message":"eteams client bundle loaded v0.2.12"}}
{"at":1788261335058,"version":"v0.2.12","entry":{"at":1788261330805,"kind":"bundle","message":"eteams client bundle loaded v0.2.12"}}
{"at":1788261568591,"version":"v0.2.12","entry":{"at":1788261563815,"kind":"bundle","message":"eteams client bundle loaded v0.2.12"}}
{"at":1788261642405,"version":"v0.2.12","entry":{"at":1788261637535,"kind":"bundle","message":"eteams client bundle loaded v0.2.12"}}
{"at":1788267457062,"version":"v0.2.12","entry":{"at":1788267455053,"kind":"bundle","message":"eteams client bundle loaded v0.2.12"}}
{"at":1788267472444,"version":"v0.2.12","entry":{"at":1788267470435,"kind":"bundle","message":"eteams client bundle loaded v0.2.12"}}
{"at":1788268629495,"version":"v0.2.12","entry":{"at":1788268627485,"kind":"bundle","message":"eteams client bundle loaded v0.2.12"}}
{"at":1788268821180,"version":"v0.2.12","entry":{"at":1788268819173,"kind":"bundle","message":"eteams client bundle loaded v0.2.12"}}
{"at":1788269264726,"version":"v0.2.12","entry":{"at":1788269262676,"kind":"bundle","message":"eteams client bundle loaded v0.2.12"}}
{"at":1788269409875,"version":"v0.2.12","entry":{"at":1788269407157,"kind":"bundle","message":"eteams client bundle loaded v0.2.12"}}
{"at":1788269508028,"version":"v0.2.12","entry":{"at":1788269505065,"kind":"bundle","message":"eteams client bundle loaded v0.2.12"}}
{"at":1788269721280,"version":"v0.2.12","entry":{"at":1788269716283,"kind":"bundle","message":"eteams client bundle loaded v0.2.12"}}
{"at":1788270717320,"version":"v0.2.12","entry":{"at":1788270715125,"kind":"bundle","message":"eteams client bundle loaded v0.2.12"}}
{"at":1788271175948,"version":"v0.2.12","entry":{"at":1788271173496,"kind":"bundle","message":"eteams client bundle loaded v0.2.12"}}
{"at":1788321513097,"version":"v0.2.12","entry":{"at":1788321507293,"kind":"bundle","message":"eteams client bundle loaded v0.2.12"}}
{"at":1788323580855,"version":"v0.2.12","entry":{"at":1788323578837,"kind":"bundle","message":"eteams client bundle loaded v0.2.12"}}
{"at":1788334780699,"version":"v0.2.12","entry":{"at":1788334777790,"kind":"bundle","message":"eteams client bundle loaded v0.2.12"}}
{"at":1788335502069,"version":"v0.2.12","entry":{"at":1788335500059,"kind":"bundle","message":"eteams client bundle loaded v0.2.12"}}
{"at":1788337192693,"version":"v0.2.12","entry":{"at":1788337190640,"kind":"bundle","message":"eteams client bundle loaded v0.2.12"}}
{"at":1788337195700,"version":"v0.2.12","entry":{"at":1788337190640,"kind":"bundle","message":"eteams client bundle loaded v0.2.12"}}
{"at":1788337195700,"version":"v0.2.12","entry":{"at":1788337193682,"kind":"backdrop-geom","message":"canvas=1577x879 attr=position: absolute; inset: 0px; width: 100%; height: 100%; opacity: 1; parent=1577x879"}}
{"at":1788342777687,"version":"v0.2.12","entry":{"at":1788342775342,"kind":"bundle","message":"eteams client bundle loaded v0.2.12"}}
{"at":1788342781689,"version":"v0.2.12","entry":{"at":1788342775342,"kind":"bundle","message":"eteams client bundle loaded v0.2.12"}}
{"at":1788342781689,"version":"v0.2.12","entry":{"at":1788342778688,"kind":"backdrop-geom","message":"canvas=1577x879 attr=position: absolute; inset: 0px; width: 100%; height: 100%; opacity: 1; parent=1577x879"}}
{"at":1788342956679,"version":"v0.2.12","entry":{"at":1788342954082,"kind":"bundle","message":"eteams client bundle loaded v0.2.12"}}
{"at":1788342960680,"version":"v0.2.12","entry":{"at":1788342954082,"kind":"bundle","message":"eteams client bundle loaded v0.2.12"}}
{"at":1788342960680,"version":"v0.2.12","entry":{"at":1788342957679,"kind":"backdrop-geom","message":"canvas=1577x879 attr=position: absolute; inset: 0px; width: 100%; height: 100%; opacity: 1; parent=1577x879"}}
{"at":1788359525315,"version":"v0.2.12","entry":{"at":1788359522779,"kind":"bundle","message":"eteams client bundle loaded v0.2.12"}}
{"at":1788359529315,"version":"v0.2.12","entry":{"at":1788359522779,"kind":"bundle","message":"eteams client bundle loaded v0.2.12"}}
{"at":1788359529315,"version":"v0.2.12","entry":{"at":1788359526315,"kind":"backdrop-geom","message":"canvas=1577x879 attr=position: absolute; inset: 0px; width: 100%; height: 100%; opacity: 1; parent=1577x879"}}
{"at":1788363188304,"version":"v0.2.12","entry":{"at":1788363185397,"kind":"bundle","message":"eteams client bundle loaded v0.2.12"}}
{"at":1788363191303,"version":"v0.2.12","entry":{"at":1788363185397,"kind":"bundle","message":"eteams client bundle loaded v0.2.12"}}
{"at":1788363191303,"version":"v0.2.12","entry":{"at":1788363188309,"kind":"backdrop-geom","message":"canvas=1577x879 attr=position: absolute; inset: 0px; width: 100%; height: 100%; opacity: 1; parent=1577x879"}}
{"at":1788364066306,"version":"v0.2.12","entry":{"at":1788364064062,"kind":"bundle","message":"eteams client bundle loaded v0.2.12"}}
{"at":1788364070304,"version":"v0.2.12","entry":{"at":1788364064062,"kind":"bundle","message":"eteams client bundle loaded v0.2.12"}}
{"at":1788364070304,"version":"v0.2.12","entry":{"at":1788364067306,"kind":"backdrop-geom","message":"canvas=1577x879 attr=position: absolute; inset: 0px; width: 100%; height: 100%; opacity: 1; parent=1577x879"}}
{"at":1788365367303,"version":"v0.2.12","entry":{"at":1788365364416,"kind":"bundle","message":"eteams client bundle loaded v0.2.12"}}
{"at":1788365369310,"version":"v0.2.12","entry":{"at":1788365364416,"kind":"bundle","message":"eteams client bundle loaded v0.2.12"}}
{"at":1788365369310,"version":"v0.2.12","entry":{"at":1788365367304,"kind":"backdrop-geom","message":"canvas=1577x879 attr=position: absolute; inset: 0px; width: 100%; height: 100%; opacity: 1; parent=1577x879"}}
{"at":1788399872101,"version":"v0.2.12","entry":{"at":1788399869747,"kind":"bundle","message":"eteams client bundle loaded v0.2.12"}}
{"at":1788399875104,"version":"v0.2.12","entry":{"at":1788399869747,"kind":"bundle","message":"eteams client bundle loaded v0.2.12"}}
{"at":1788399875104,"version":"v0.2.12","entry":{"at":1788399872102,"kind":"backdrop-geom","message":"canvas=1577x879 attr=position: absolute; inset: 0px; width: 100%; height: 100%; opacity: 1; parent=1577x879"}}
{"at":1788401129003,"version":"v0.2.12","entry":{"at":1788401126976,"kind":"bundle","message":"eteams client bundle loaded v0.2.12"}}
{"at":1788401131284,"version":"v0.2.12","entry":{"at":1788401126976,"kind":"bundle","message":"eteams client bundle loaded v0.2.12"}}
{"at":1788401131284,"version":"v0.2.12","entry":{"at":1788401129268,"kind":"backdrop-geom","message":"canvas=1577x879 attr=position: absolute; inset: 0px; width: 100%; height: 100%; opacity: 1; parent=1577x879"}}
{"at":1788401379110,"version":"v0.2.12","entry":{"at":1788401376350,"kind":"bundle","message":"eteams client bundle loaded v0.2.12"}}
{"at":1788401382101,"version":"v0.2.12","entry":{"at":1788401376350,"kind":"bundle","message":"eteams client bundle loaded v0.2.12"}}
{"at":1788401382101,"version":"v0.2.12","entry":{"at":1788401379126,"kind":"backdrop-geom","message":"canvas=1577x879 attr=position: absolute; inset: 0px; width: 100%; height: 100%; opacity: 1; parent=1577x879"}}
{"at":1788406126096,"version":"v0.2.12","entry":{"at":1788406123097,"kind":"bundle","message":"eteams client bundle loaded v0.2.12"}}
{"at":1788406128099,"version":"v0.2.12","entry":{"at":1788406123097,"kind":"bundle","message":"eteams client bundle loaded v0.2.12"}}
{"at":1788406128099,"version":"v0.2.12","entry":{"at":1788406126095,"kind":"backdrop-geom","message":"canvas=1577x879 attr=position: absolute; inset: 0px; width: 100%; height: 100%; opacity: 1; parent=1577x879"}}
{"at":1788411747102,"version":"v0.2.12","entry":{"at":1788411744954,"kind":"bundle","message":"eteams client bundle loaded v0.2.12"}}
{"at":1788411750119,"version":"v0.2.12","entry":{"at":1788411744954,"kind":"bundle","message":"eteams client bundle loaded v0.2.12"}}
{"at":1788411750119,"version":"v0.2.12","entry":{"at":1788411748102,"kind":"backdrop-geom","message":"canvas=1577x879 attr=position: absolute; inset: 0px; width: 100%; height: 100%; opacity: 1; parent=1577x879"}}
{"at":1788414781098,"version":"v0.2.12","entry":{"at":1788414778392,"kind":"bundle","message":"eteams client bundle loaded v0.2.12"}}
{"at":1788414784106,"version":"v0.2.12","entry":{"at":1788414778392,"kind":"bundle","message":"eteams client bundle loaded v0.2.12"}}
{"at":1788414784106,"version":"v0.2.12","entry":{"at":1788414781099,"kind":"backdrop-geom","message":"canvas=1577x879 attr=position: absolute; inset: 0px; width: 100%; height: 100%; opacity: 1; parent=1577x879"}}
{"at":1788415927093,"version":"v0.2.12","entry":{"at":1788415924594,"kind":"bundle","message":"eteams client bundle loaded v0.2.12"}}
{"at":1788415931101,"version":"v0.2.12","entry":{"at":1788415924594,"kind":"bundle","message":"eteams client bundle loaded v0.2.12"}}
{"at":1788415931101,"version":"v0.2.12","entry":{"at":1788415928099,"kind":"backdrop-geom","message":"canvas=1577x879 attr=position: absolute; inset: 0px; width: 100%; height: 100%; opacity: 1; parent=1577x879"}}
{"at":1788417445805,"version":"v0.2.12","entry":{"at":1788417443786,"kind":"bundle","message":"eteams client bundle loaded v0.2.12"}}
{"at":1788417469151,"version":"v0.2.12","entry":{"at":1788417443786,"kind":"bundle","message":"eteams client bundle loaded v0.2.12"}}
{"at":1788417469151,"version":"v0.2.12","entry":{"at":1788417467149,"kind":"backdrop-geom","message":"canvas=1577x879 attr=position: absolute; inset: 0px; width: 100%; height: 100%; opacity: 1; parent=1577x879"}}
{"at":1788418079096,"version":"v0.2.12","entry":{"at":1788418076347,"kind":"bundle","message":"eteams client bundle loaded v0.2.12"}}
{"at":1788418082093,"version":"v0.2.12","entry":{"at":1788418076347,"kind":"bundle","message":"eteams client bundle loaded v0.2.12"}}
{"at":1788418082093,"version":"v0.2.12","entry":{"at":1788418079100,"kind":"backdrop-geom","message":"canvas=1577x879 attr=position: absolute; inset: 0px; width: 100%; height: 100%; opacity: 1; parent=1577x879"}}
{"at":1788418255106,"version":"v0.2.12","entry":{"at":1788418253046,"kind":"bundle","message":"eteams client bundle loaded v0.2.12"}}
{"at":1788418259104,"version":"v0.2.12","entry":{"at":1788418253046,"kind":"bundle","message":"eteams client bundle loaded v0.2.12"}}
{"at":1788418259104,"version":"v0.2.12","entry":{"at":1788418256105,"kind":"backdrop-geom","message":"canvas=1577x879 attr=position: absolute; inset: 0px; width: 100%; height: 100%; opacity: 1; parent=1577x879"}}
{"at":1788418364707,"version":"v0.2.12","entry":{"at":1788418253046,"kind":"bundle","message":"eteams client bundle loaded v0.2.12"}}
{"at":1788418364707,"version":"v0.2.12","entry":{"at":1788418256105,"kind":"backdrop-geom","message":"canvas=1577x879 attr=position: absolute; inset: 0px; width: 100%; height: 100%; opacity: 1; parent=1577x879"}}
{"at":1788418364707,"version":"v0.2.12","entry":{"at":1788418362703,"kind":"backdrop-geom","message":"canvas=1577x879 attr=position: absolute; inset: 0px; width: 100%; height: 100%; opacity: 1; parent=1577x879"}}
{"at":1788419129049,"version":"v0.2.12","entry":{"at":1788419127042,"kind":"bundle","message":"eteams client bundle loaded v0.2.12"}}
{"at":1788419131307,"version":"v0.2.12","entry":{"at":1788419127042,"kind":"bundle","message":"eteams client bundle loaded v0.2.12"}}
{"at":1788419131307,"version":"v0.2.12","entry":{"at":1788419129296,"kind":"backdrop-geom","message":"canvas=1577x879 attr=position: absolute; inset: 0px; width: 100%; height: 100%; opacity: 1; parent=1577x879"}}
{"at":1788420431094,"version":"v0.2.12","entry":{"at":1788420428890,"kind":"bundle","message":"eteams client bundle loaded v0.2.12"}}
{"at":1788420435091,"version":"v0.2.12","entry":{"at":1788420428890,"kind":"bundle","message":"eteams client bundle loaded v0.2.12"}}
{"at":1788420435091,"version":"v0.2.12","entry":{"at":1788420432102,"kind":"backdrop-geom","message":"canvas=1577x879 attr=position: absolute; top: 0px; left: 0px; width: 100%; height: 879px; opacity: 1; root=1577x879 scroll=1577x1047"}}
{"at":1788423383807,"version":"v0.2.12","entry":{"at":1788423381795,"kind":"bundle","message":"eteams client bundle loaded v0.2.12"}}
{"at":1788423386249,"version":"v0.2.12","entry":{"at":1788423381795,"kind":"bundle","message":"eteams client bundle loaded v0.2.12"}}
{"at":1788423386249,"version":"v0.2.12","entry":{"at":1788423384237,"kind":"backdrop-geom","message":"canvas=1577x879 attr=position: absolute; top: 0px; left: 0px; width: 100%; height: 879px; opacity: 1; root=1577x879 scroll=1577x1047"}}
{"at":1788424349094,"version":"v0.2.12","entry":{"at":1788424346163,"kind":"bundle","message":"eteams client bundle loaded v0.2.12"}}
{"at":1788424351105,"version":"v0.2.12","entry":{"at":1788424346163,"kind":"bundle","message":"eteams client bundle loaded v0.2.12"}}
{"at":1788424351105,"version":"v0.2.12","entry":{"at":1788424349095,"kind":"backdrop-geom","message":"canvas=1577x879 attr=position: absolute; top: 0px; left: 0px; width: 100%; height: 879px; opacity: 1; root=1577x879 scroll=1577x1047"}}
{"at":1788424829096,"version":"v0.2.12","entry":{"at":1788424826557,"kind":"bundle","message":"eteams client bundle loaded v0.2.12"}}
{"at":1788424831099,"version":"v0.2.12","entry":{"at":1788424826557,"kind":"bundle","message":"eteams client bundle loaded v0.2.12"}}
{"at":1788424831099,"version":"v0.2.12","entry":{"at":1788424829097,"kind":"backdrop-geom","message":"canvas=1577x879 attr=position: absolute; top: 0px; left: 0px; width: 100%; height: 879px; opacity: 1; root=1577x879 scroll=1577x1047"}}
{"at":1788424861266,"version":"v0.2.12","entry":{"at":1788424826557,"kind":"bundle","message":"eteams client bundle loaded v0.2.12"}}
{"at":1788424861266,"version":"v0.2.12","entry":{"at":1788424829097,"kind":"backdrop-geom","message":"canvas=1577x879 attr=position: absolute; top: 0px; left: 0px; width: 100%; height: 879px; opacity: 1; root=1577x879 scroll=1577x1047"}}
{"at":1788424861266,"version":"v0.2.12","entry":{"at":1788424859264,"kind":"dva:onError","message":"面板路由内部错误：Error: 领队成员为保留名，不可通过 upsert 覆盖"}}
{"at":1788425813104,"version":"v0.2.12","entry":{"at":1788425810633,"kind":"bundle","message":"eteams client bundle loaded v0.2.12"}}
{"at":1788425816104,"version":"v0.2.12","entry":{"at":1788425810633,"kind":"bundle","message":"eteams client bundle loaded v0.2.12"}}
{"at":1788425816104,"version":"v0.2.12","entry":{"at":1788425814097,"kind":"backdrop-geom","message":"canvas=1577x879 attr=position: absolute; top: 0px; left: 0px; width: 100%; height: 879px; opacity: 1; root=1577x879 scroll=1577x1047"}}
{"at":1788425911633,"version":"v0.2.12","entry":{"at":1788425909624,"kind":"bundle","message":"eteams client bundle loaded v0.2.12"}}
{"at":1788425914083,"version":"v0.2.12","entry":{"at":1788425909624,"kind":"bundle","message":"eteams client bundle loaded v0.2.12"}}
{"at":1788425914083,"version":"v0.2.12","entry":{"at":1788425912077,"kind":"backdrop-geom","message":"canvas=1577x879 attr=position: absolute; top: 0px; left: 0px; width: 100%; height: 879px; opacity: 1; root=1577x879 scroll=1577x1047"}}
{"at":1788427146095,"version":"v0.2.12","entry":{"at":1788427143236,"kind":"bundle","message":"eteams client bundle loaded v0.2.12"}}
{"at":1788427149107,"version":"v0.2.12","entry":{"at":1788427143236,"kind":"bundle","message":"eteams client bundle loaded v0.2.12"}}
{"at":1788427149107,"version":"v0.2.12","entry":{"at":1788427146101,"kind":"backdrop-geom","message":"canvas=1577x879 attr=position: absolute; top: 0px; left: 0px; width: 100%; height: 879px; opacity: 1; root=1577x879 scroll=1577x1047"}}
{"at":1788428187192,"version":"v0.2.12","entry":{"at":1788425909624,"kind":"bundle","message":"eteams client bundle loaded v0.2.12"}}
{"at":1788428187192,"version":"v0.2.12","entry":{"at":1788425912077,"kind":"backdrop-geom","message":"canvas=1577x879 attr=position: absolute; top: 0px; left: 0px; width: 100%; height: 879px; opacity: 1; root=1577x879 scroll=1577x1047"}}
{"at":1788428187192,"version":"v0.2.12","entry":{"at":1788428185187,"kind":"backdrop-geom","message":"canvas=1585x1079 attr=position: absolute; top: 0px; left: 0px; width: 100%; height: 1079px; opacity: 1; root=1585x1079 scroll=1585x1079"}}
{"at":1788436138592,"version":"v0.2.12","entry":{"at":1788436136568,"kind":"bundle","message":"eteams client bundle loaded v0.2.12"}}
{"at":1788436144731,"version":"v0.2.12","entry":{"at":1788436136568,"kind":"bundle","message":"eteams client bundle loaded v0.2.12"}}
{"at":1788436144731,"version":"v0.2.12","entry":{"at":1788436142715,"kind":"backdrop-geom","message":"canvas=1585x1079 attr=position: absolute; top: 0px; left: 0px; width: 100%; height: 1079px; opacity: 1; root=1585x1079 scroll=1585x1079"}}
{"at":1788436153352,"version":"v0.2.12","entry":{"at":1788436136568,"kind":"bundle","message":"eteams client bundle loaded v0.2.12"}}
{"at":1788436153352,"version":"v0.2.12","entry":{"at":1788436142715,"kind":"backdrop-geom","message":"canvas=1585x1079 attr=position: absolute; top: 0px; left: 0px; width: 100%; height: 1079px; opacity: 1; root=1585x1079 scroll=1585x1079"}}
{"at":1788436153352,"version":"v0.2.12","entry":{"at":1788436151345,"kind":"backdrop-geom","message":"canvas=1585x1079 attr=position: absolute; top: 0px; left: 0px; width: 100%; height: 1079px; opacity: 1; root=1585x1079 scroll=1585x1079"}}
{"at":1788436951098,"version":"v0.2.12","entry":{"at":1788436948673,"kind":"bundle","message":"eteams client bundle loaded v0.2.12"}}
{"at":1788437205921,"version":"v0.2.12","entry":{"at":1788436136568,"kind":"bundle","message":"eteams client bundle loaded v0.2.12"}}
{"at":1788437205921,"version":"v0.2.12","entry":{"at":1788436142715,"kind":"backdrop-geom","message":"canvas=1585x1079 attr=position: absolute; top: 0px; left: 0px; width: 100%; height: 1079px; opacity: 1; root=1585x1079 scroll=1585x1079"}}
{"at":1788437205921,"version":"v0.2.12","entry":{"at":1788436151345,"kind":"backdrop-geom","message":"canvas=1585x1079 attr=position: absolute; top: 0px; left: 0px; width: 100%; height: 1079px; opacity: 1; root=1585x1079 scroll=1585x1079"}}
{"at":1788437205921,"version":"v0.2.12","entry":{"at":1788437203919,"kind":"backdrop-geom","message":"canvas=1585x1079 attr=position: absolute; top: 0px; left: 0px; width: 100%; height: 1079px; opacity: 1; root=1585x1079 scroll=1585x1079"}}
{"at":1788437233492,"version":"v0.2.12","entry":{"at":1788436136568,"kind":"bundle","message":"eteams client bundle loaded v0.2.12"}}
{"at":1788437233492,"version":"v0.2.12","entry":{"at":1788436142715,"kind":"backdrop-geom","message":"canvas=1585x1079 attr=position: absolute; top: 0px; left: 0px; width: 100%; height: 1079px; opacity: 1; root=1585x1079 scroll=1585x1079"}}
{"at":1788437233492,"version":"v0.2.12","entry":{"at":1788436151345,"kind":"backdrop-geom","message":"canvas=1585x1079 attr=position: absolute; top: 0px; left: 0px; width: 100%; height: 1079px; opacity: 1; root=1585x1079 scroll=1585x1079"}}
{"at":1788437233492,"version":"v0.2.12","entry":{"at":1788437203919,"kind":"backdrop-geom","message":"canvas=1585x1079 attr=position: absolute; top: 0px; left: 0px; width: 100%; height: 1079px; opacity: 1; root=1585x1079 scroll=1585x1079"}}
{"at":1788437233492,"version":"v0.2.12","entry":{"at":1788437231480,"kind":"backdrop-geom","message":"canvas=1585x1079 attr=position: absolute; top: 0px; left: 0px; width: 100%; height: 1079px; opacity: 1; root=1585x1079 scroll=1585x1079"}}
{"at":1788437240095,"version":"v0.2.12","entry":{"at":1788436948673,"kind":"bundle","message":"eteams client bundle loaded v0.2.12"}}
{"at":1788437240095,"version":"v0.2.12","entry":{"at":1788437237133,"kind":"backdrop-geom","message":"canvas=1577x877 attr=position: absolute; top: 0px; left: 0px; width: 100%; height: 877px; opacity: 1; root=1577x877 scroll=1577x1047"}}
{"at":1788437257127,"version":"v0.2.12","entry":{"at":1788436136568,"kind":"bundle","message":"eteams client bundle loaded v0.2.12"}}
{"at":1788437257127,"version":"v0.2.12","entry":{"at":1788436142715,"kind":"backdrop-geom","message":"canvas=1585x1079 attr=position: absolute; top: 0px; left: 0px; width: 100%; height: 1079px; opacity: 1; root=1585x1079 scroll=1585x1079"}}
{"at":1788437257127,"version":"v0.2.12","entry":{"at":1788436151345,"kind":"backdrop-geom","message":"canvas=1585x1079 attr=position: absolute; top: 0px; left: 0px; width: 100%; height: 1079px; opacity: 1; root=1585x1079 scroll=1585x1079"}}
{"at":1788437257127,"version":"v0.2.12","entry":{"at":1788437203919,"kind":"backdrop-geom","message":"canvas=1585x1079 attr=position: absolute; top: 0px; left: 0px; width: 100%; height: 1079px; opacity: 1; root=1585x1079 scroll=1585x1079"}}
{"at":1788437257127,"version":"v0.2.12","entry":{"at":1788437231480,"kind":"backdrop-geom","message":"canvas=1585x1079 attr=position: absolute; top: 0px; left: 0px; width: 100%; height: 1079px; opacity: 1; root=1585x1079 scroll=1585x1079"}}
{"at":1788437257127,"version":"v0.2.12","entry":{"at":1788437255116,"kind":"backdrop-geom","message":"canvas=1585x1079 attr=position: absolute; top: 0px; left: 0px; width: 100%; height: 1079px; opacity: 1; root=1585x1079 scroll=1585x1079"}}
{"at":1788437875746,"version":"v0.2.12","entry":{"at":1788436136568,"kind":"bundle","message":"eteams client bundle loaded v0.2.12"}}
{"at":1788437875746,"version":"v0.2.12","entry":{"at":1788436142715,"kind":"backdrop-geom","message":"canvas=1585x1079 attr=position: absolute; top: 0px; left: 0px; width: 100%; height: 1079px; opacity: 1; root=1585x1079 scroll=1585x1079"}}
{"at":1788437875746,"version":"v0.2.12","entry":{"at":1788436151345,"kind":"backdrop-geom","message":"canvas=1585x1079 attr=position: absolute; top: 0px; left: 0px; width: 100%; height: 1079px; opacity: 1; root=1585x1079 scroll=1585x1079"}}
{"at":1788437875746,"version":"v0.2.12","entry":{"at":1788437203919,"kind":"backdrop-geom","message":"canvas=1585x1079 attr=position: absolute; top: 0px; left: 0px; width: 100%; height: 1079px; opacity: 1; root=1585x1079 scroll=1585x1079"}}
{"at":1788437875746,"version":"v0.2.12","entry":{"at":1788437231480,"kind":"backdrop-geom","message":"canvas=1585x1079 attr=position: absolute; top: 0px; left: 0px; width: 100%; height: 1079px; opacity: 1; root=1585x1079 scroll=1585x1079"}}
{"at":1788437875746,"version":"v0.2.12","entry":{"at":1788437255116,"kind":"backdrop-geom","message":"canvas=1585x1079 attr=position: absolute; top: 0px; left: 0px; width: 100%; height: 1079px; opacity: 1; root=1585x1079 scroll=1585x1079"}}
{"at":1788437875747,"version":"v0.2.12","entry":{"at":1788437873742,"kind":"backdrop-geom","message":"canvas=1585x1079 attr=position: absolute; top: 0px; left: 0px; width: 100%; height: 1079px; opacity: 1; root=1585x1079 scroll=1585x1079"}}
{"at":1788437893592,"version":"v0.2.12","entry":{"at":1788437891581,"kind":"bundle","message":"eteams client bundle loaded v0.2.12"}}
{"at":1788437898107,"version":"v0.2.12","entry":{"at":1788437891581,"kind":"bundle","message":"eteams client bundle loaded v0.2.12"}}
{"at":1788437898107,"version":"v0.2.12","entry":{"at":1788437895166,"kind":"backdrop-geom","message":"canvas=1585x1079 attr=position: absolute; top: 0px; left: 0px; width: 100%; height: 1079px; opacity: 1; root=1585x1079 scroll=1585x1079"}}
{"at":1788437906091,"version":"v0.2.12","entry":{"at":1788437903155,"kind":"bundle","message":"eteams client bundle loaded v0.2.12"}}
{"at":1788438022767,"version":"v0.2.12","entry":{"at":1788437891581,"kind":"bundle","message":"eteams client bundle loaded v0.2.12"}}
{"at":1788438022767,"version":"v0.2.12","entry":{"at":1788437895166,"kind":"backdrop-geom","message":"canvas=1585x1079 attr=position: absolute; top: 0px; left: 0px; width: 100%; height: 1079px; opacity: 1; root=1585x1079 scroll=1585x1079"}}
{"at":1788438022767,"version":"v0.2.12","entry":{"at":1788438020761,"kind":"backdrop-geom","message":"canvas=1585x1079 attr=position: absolute; top: 0px; left: 0px; width: 100%; height: 1079px; opacity: 1; root=1585x1079 scroll=1585x1079"}}
{"at":1788438695097,"version":"v0.2.12","entry":{"at":1788438692630,"kind":"bundle","message":"eteams client bundle loaded v0.2.12"}}
{"at":1788439545061,"version":"v0.2.12","entry":{"at":1788437891581,"kind":"bundle","message":"eteams client bundle loaded v0.2.12"}}
{"at":1788439545061,"version":"v0.2.12","entry":{"at":1788437895166,"kind":"backdrop-geom","message":"canvas=1585x1079 attr=position: absolute; top: 0px; left: 0px; width: 100%; height: 1079px; opacity: 1; root=1585x1079 scroll=1585x1079"}}
{"at":1788439545061,"version":"v0.2.12","entry":{"at":1788438020761,"kind":"backdrop-geom","message":"canvas=1585x1079 attr=position: absolute; top: 0px; left: 0px; width: 100%; height: 1079px; opacity: 1; root=1585x1079 scroll=1585x1079"}}
{"at":1788439545061,"version":"v0.2.12","entry":{"at":1788439543051,"kind":"backdrop-geom","message":"canvas=1585x1079 attr=position: absolute; top: 0px; left: 0px; width: 100%; height: 1079px; opacity: 1; root=1585x1079 scroll=1585x1079"}}
{"at":1788439555360,"version":"v0.2.12","entry":{"at":1788439553351,"kind":"bundle","message":"eteams client bundle loaded v0.2.12"}}
{"at":1788439558722,"version":"v0.2.12","entry":{"at":1788439553351,"kind":"bundle","message":"eteams client bundle loaded v0.2.12"}}
{"at":1788439558722,"version":"v0.2.12","entry":{"at":1788439556718,"kind":"backdrop-geom","message":"canvas=1585x1079 attr=position: absolute; top: 0px; left: 0px; width: 100%; height: 1079px; opacity: 1; root=1585x1079 scroll=1585x1079"}}
{"at":1788439612675,"version":"v0.2.12","entry":{"at":1788439553351,"kind":"bundle","message":"eteams client bundle loaded v0.2.12"}}
{"at":1788439612675,"version":"v0.2.12","entry":{"at":1788439556718,"kind":"backdrop-geom","message":"canvas=1585x1079 attr=position: absolute; top: 0px; left: 0px; width: 100%; height: 1079px; opacity: 1; root=1585x1079 scroll=1585x1079"}}
{"at":1788439612675,"version":"v0.2.12","entry":{"at":1788439610672,"kind":"backdrop-geom","message":"canvas=1585x1079 attr=position: absolute; top: 0px; left: 0px; width: 100%; height: 1079px; opacity: 1; root=1585x1079 scroll=1585x1079"}}
{"at":1788441569421,"version":"v0.2.12","entry":{"at":1788441567407,"kind":"bundle","message":"eteams client bundle loaded v0.2.12"}}
{"at":1788441696695,"version":"v0.2.12","entry":{"at":1788441567407,"kind":"bundle","message":"eteams client bundle loaded v0.2.12"}}
{"at":1788441696695,"version":"v0.2.12","entry":{"at":1788441694690,"kind":"backdrop-geom","message":"canvas=1577x921 attr=position: absolute; top: 0px; left: 0px; width: 100%; height: 921px; opacity: 1; root=1577x921 scroll=1577x1047"}}
{"at":1788442507581,"version":"v0.2.12","entry":{"at":1788441567407,"kind":"bundle","message":"eteams client bundle loaded v0.2.12"}}
{"at":1788442507581,"version":"v0.2.12","entry":{"at":1788441694690,"kind":"backdrop-geom","message":"canvas=1577x921 attr=position: absolute; top: 0px; left: 0px; width: 100%; height: 921px; opacity: 1; root=1577x921 scroll=1577x1047"}}
{"at":1788442507581,"version":"v0.2.12","entry":{"at":1788442505574,"kind":"backdrop-geom","message":"canvas=1577x921 attr=position: absolute; top: 0px; left: 0px; width: 100%; height: 921px; opacity: 1; root=1577x921 scroll=1577x1047"}}
{"at":1788443961679,"version":"v0.2.12","entry":{"at":1788443959668,"kind":"bundle","message":"eteams client bundle loaded v0.2.12"}}
{"at":1788443993414,"version":"v0.2.12","entry":{"at":1788443959668,"kind":"bundle","message":"eteams client bundle loaded v0.2.12"}}
{"at":1788443993414,"version":"v0.2.12","entry":{"at":1788443991408,"kind":"backdrop-geom","message":"canvas=1577x921 attr=position: absolute; top: 0px; left: 0px; width: 100%; height: 921px; opacity: 1; root=1577x921 scroll=1577x1047"}}
{"at":1788444012209,"version":"v0.2.12","entry":{"at":1788443959668,"kind":"bundle","message":"eteams client bundle loaded v0.2.12"}}
{"at":1788444012209,"version":"v0.2.12","entry":{"at":1788443991408,"kind":"backdrop-geom","message":"canvas=1577x921 attr=position: absolute; top: 0px; left: 0px; width: 100%; height: 921px; opacity: 1; root=1577x921 scroll=1577x1047"}}
{"at":1788444012209,"version":"v0.2.12","entry":{"at":1788444010202,"kind":"backdrop-geom","message":"canvas=1577x921 attr=position: absolute; top: 0px; left: 0px; width: 100%; height: 921px; opacity: 1; root=1577x921 scroll=1577x1047"}}
{"at":1788448467161,"version":"v0.2.12","entry":{"at":1788448465140,"kind":"bundle","message":"eteams client bundle loaded v0.2.12"}}
{"at":1788448517768,"version":"v0.2.12","entry":{"at":1788448465140,"kind":"bundle","message":"eteams client bundle loaded v0.2.12"}}
{"at":1788448517768,"version":"v0.2.12","entry":{"at":1788448515765,"kind":"backdrop-geom","message":"canvas=1577x945 attr=position: absolute; top: 0px; left: 0px; width: 100%; height: 945px; opacity: 1; root=1577x945 scroll=1577x1047"}}
{"at":1788449286135,"version":"v0.2.12","entry":{"at":1788449284121,"kind":"bundle","message":"eteams client bundle loaded v0.2.12"}}
{"at":1788449333377,"version":"v0.2.12","entry":{"at":1788449284121,"kind":"bundle","message":"eteams client bundle loaded v0.2.12"}}
{"at":1788449333377,"version":"v0.2.12","entry":{"at":1788449331371,"kind":"backdrop-geom","message":"canvas=1577x921 attr=position: absolute; top: 0px; left: 0px; width: 100%; height: 921px; opacity: 1; root=1577x921 scroll=1577x1047"}}
{"at":1788451162060,"version":"v0.2.12","entry":{"at":1788449284121,"kind":"bundle","message":"eteams client bundle loaded v0.2.12"}}
{"at":1788451162060,"version":"v0.2.12","entry":{"at":1788449331371,"kind":"backdrop-geom","message":"canvas=1577x921 attr=position: absolute; top: 0px; left: 0px; width: 100%; height: 921px; opacity: 1; root=1577x921 scroll=1577x1047"}}
{"at":1788451162060,"version":"v0.2.12","entry":{"at":1788451160056,"kind":"backdrop-geom","message":"canvas=1577x951 attr=position: absolute; top: 0px; left: 0px; width: 100%; height: 951px; opacity: 1; root=1577x951 scroll=1577x1047"}}
{"at":1788490495177,"version":"v0.2.12","entry":{"at":1788490492216,"kind":"bundle","message":"eteams client bundle loaded v0.2.12"}}
{"at":1788490497187,"version":"v0.2.12","entry":{"at":1788490492216,"kind":"bundle","message":"eteams client bundle loaded v0.2.12"}}
{"at":1788490497187,"version":"v0.2.12","entry":{"at":1788490495171,"kind":"backdrop-geom","message":"canvas=1577x945 attr=position: absolute; top: 0px; left: 0px; width: 100%; height: 945px; opacity: 1; root=1577x945 scroll=1577x1041"}}
{"at":1788492524045,"version":"v0.2.12","entry":{"at":1788492522034,"kind":"bundle","message":"eteams client bundle loaded v0.2.12"}}
{"at":1788492526520,"version":"v0.2.12","entry":{"at":1788492522034,"kind":"bundle","message":"eteams client bundle loaded v0.2.12"}}
{"at":1788492526520,"version":"v0.2.12","entry":{"at":1788492524518,"kind":"backdrop-geom","message":"canvas=1577x951 attr=position: absolute; top: 0px; left: 0px; width: 100%; height: 951px; opacity: 1; root=1577x951 scroll=1577x1041"}}
{"at":1788496505176,"version":"v0.2.12","entry":{"at":1788496502573,"kind":"bundle","message":"eteams client bundle loaded v0.2.12"}}
{"at":1788496507189,"version":"v0.2.12","entry":{"at":1788496502573,"kind":"bundle","message":"eteams client bundle loaded v0.2.12"}}
{"at":1788496507189,"version":"v0.2.12","entry":{"at":1788496505175,"kind":"backdrop-geom","message":"canvas=1577x945 attr=position: absolute; top: 0px; left: 0px; width: 100%; height: 945px; opacity: 1; root=1577x951 scroll=1577x1041"}}
{"at":1788496864190,"version":"v0.2.12","entry":{"at":1788496862177,"kind":"bundle","message":"eteams client bundle loaded v0.2.12"}}
{"at":1788496867170,"version":"v0.2.12","entry":{"at":1788496862177,"kind":"bundle","message":"eteams client bundle loaded v0.2.12"}}
{"at":1788496867170,"version":"v0.2.12","entry":{"at":1788496864685,"kind":"backdrop-geom","message":"canvas=1577x951 attr=position: absolute; top: 0px; left: 0px; width: 100%; height: 951px; opacity: 1; root=1577x951 scroll=1577x1041"}}
{"at":1788496934163,"version":"v0.2.12","entry":{"at":1788496931888,"kind":"bundle","message":"eteams client bundle loaded v0.2.12"}}
{"at":1788496936170,"version":"v0.2.12","entry":{"at":1788496931888,"kind":"bundle","message":"eteams client bundle loaded v0.2.12"}}
{"at":1788496936170,"version":"v0.2.12","entry":{"at":1788496934162,"kind":"backdrop-geom","message":"canvas=1577x945 attr=position: absolute; top: 0px; left: 0px; width: 100%; height: 945px; opacity: 1; root=1577x951 scroll=1577x1041"}}
{"at":1788497144168,"version":"v0.2.12","entry":{"at":1788497141287,"kind":"bundle","message":"eteams client bundle loaded v0.2.12"}}
{"at":1788497147175,"version":"v0.2.12","entry":{"at":1788497141287,"kind":"bundle","message":"eteams client bundle loaded v0.2.12"}}
{"at":1788497147175,"version":"v0.2.12","entry":{"at":1788497144166,"kind":"backdrop-geom","message":"canvas=1577x945 attr=position: absolute; top: 0px; left: 0px; width: 100%; height: 945px; opacity: 1; root=1577x951 scroll=1577x1041"}}
{"at":1788497325164,"version":"v0.2.12","entry":{"at":1788497323081,"kind":"bundle","message":"eteams client bundle loaded v0.2.12"}}
{"at":1788497329164,"version":"v0.2.12","entry":{"at":1788497323081,"kind":"bundle","message":"eteams client bundle loaded v0.2.12"}}
{"at":1788497329164,"version":"v0.2.12","entry":{"at":1788497326162,"kind":"backdrop-geom","message":"canvas=1577x945 attr=position: absolute; top: 0px; left: 0px; width: 100%; height: 945px; opacity: 1; root=1577x951 scroll=1577x1041"}}
{"at":1788497427158,"version":"v0.2.12","entry":{"at":1788497425149,"kind":"bundle","message":"eteams client bundle loaded v0.2.12"}}
{"at":1788497429614,"version":"v0.2.12","entry":{"at":1788497425149,"kind":"bundle","message":"eteams client bundle loaded v0.2.12"}}
{"at":1788497429614,"version":"v0.2.12","entry":{"at":1788497427610,"kind":"backdrop-geom","message":"canvas=1577x951 attr=position: absolute; top: 0px; left: 0px; width: 100%; height: 951px; opacity: 1; root=1577x951 scroll=1577x1041"}}
{"at":1788497934168,"version":"v0.2.12","entry":{"at":1788497932071,"kind":"bundle","message":"eteams client bundle loaded v0.2.12"}}
{"at":1788497937168,"version":"v0.2.12","entry":{"at":1788497932071,"kind":"bundle","message":"eteams client bundle loaded v0.2.12"}}
{"at":1788497937168,"version":"v0.2.12","entry":{"at":1788497935160,"kind":"backdrop-geom","message":"canvas=1577x945 attr=position: absolute; top: 0px; left: 0px; width: 100%; height: 945px; opacity: 1; root=1577x951 scroll=1577x1041"}}
{"at":1788498388176,"version":"v0.2.12","entry":{"at":1788498386077,"kind":"bundle","message":"eteams client bundle loaded v0.2.12"}}
{"at":1788498390191,"version":"v0.2.12","entry":{"at":1788498386077,"kind":"bundle","message":"eteams client bundle loaded v0.2.12"}}
{"at":1788498390191,"version":"v0.2.12","entry":{"at":1788498388175,"kind":"backdrop-geom","message":"canvas=1577x945 attr=position: absolute; top: 0px; left: 0px; width: 100%; height: 945px; opacity: 1; root=1577x951 scroll=1577x1041"}}
{"at":1788498943171,"version":"v0.2.12","entry":{"at":1788498940383,"kind":"bundle","message":"eteams client bundle loaded v0.2.12"}}
{"at":1788498945176,"version":"v0.2.12","entry":{"at":1788498940383,"kind":"bundle","message":"eteams client bundle loaded v0.2.12"}}
{"at":1788498945176,"version":"v0.2.12","entry":{"at":1788498943170,"kind":"backdrop-geom","message":"canvas=1577x945 attr=position: absolute; top: 0px; left: 0px; width: 100%; height: 945px; opacity: 1; root=1577x951 scroll=1577x1041"}}
{"at":1788499562175,"version":"v0.2.12","entry":{"at":1788499559902,"kind":"bundle","message":"eteams client bundle loaded v0.2.12"}}
{"at":1788499565165,"version":"v0.2.12","entry":{"at":1788499559902,"kind":"bundle","message":"eteams client bundle loaded v0.2.12"}}
{"at":1788499565165,"version":"v0.2.12","entry":{"at":1788499562175,"kind":"backdrop-geom","message":"canvas=1577x945 attr=position: absolute; top: 0px; left: 0px; width: 100%; height: 945px; opacity: 1; root=1577x951 scroll=1577x1041"}}
{"at":1788499841177,"version":"v0.2.12","entry":{"at":1788499838545,"kind":"bundle","message":"eteams client bundle loaded v0.2.12"}}
{"at":1788499844172,"version":"v0.2.12","entry":{"at":1788499838545,"kind":"bundle","message":"eteams client bundle loaded v0.2.12"}}
{"at":1788499844172,"version":"v0.2.12","entry":{"at":1788499841177,"kind":"backdrop-geom","message":"canvas=1577x945 attr=position: absolute; top: 0px; left: 0px; width: 100%; height: 945px; opacity: 1; root=1577x951 scroll=1577x1041"}}
{"at":1788500712167,"version":"v0.2.12","entry":{"at":1788500709965,"kind":"bundle","message":"eteams client bundle loaded v0.2.12"}}
{"at":1788500715164,"version":"v0.2.12","entry":{"at":1788500709965,"kind":"bundle","message":"eteams client bundle loaded v0.2.12"}}
{"at":1788500715164,"version":"v0.2.12","entry":{"at":1788500712167,"kind":"backdrop-geom","message":"canvas=1577x945 attr=position: absolute; top: 0px; left: 0px; width: 100%; height: 945px; opacity: 1; root=1577x951 scroll=1577x1041"}}
{"at":1788502556074,"version":"v0.2.12","entry":{"at":1788502554064,"kind":"bundle","message":"eteams client bundle loaded v0.2.12"}}
{"at":1788502558524,"version":"v0.2.12","entry":{"at":1788502554064,"kind":"bundle","message":"eteams client bundle loaded v0.2.12"}}
{"at":1788502558524,"version":"v0.2.12","entry":{"at":1788502556521,"kind":"backdrop-geom","message":"canvas=1577x951 attr=position: absolute; top: 0px; left: 0px; width: 100%; height: 951px; opacity: 1; root=1577x951 scroll=1577x1041"}}
{"at":1788503322488,"version":"v0.2.12","entry":{"at":1788503320469,"kind":"bundle","message":"eteams client bundle loaded v0.2.12"}}
{"at":1788503325199,"version":"v0.2.12","entry":{"at":1788503320469,"kind":"bundle","message":"eteams client bundle loaded v0.2.12"}}
{"at":1788503325199,"version":"v0.2.12","entry":{"at":1788503323193,"kind":"backdrop-geom","message":"canvas=1333x951 attr=position: absolute; top: 0px; left: 0px; width: 100%; height: 951px; opacity: 1; root=1333x951 scroll=1333x1041"}}
{"at":1788504627680,"version":"v0.2.12","entry":{"at":1788504625667,"kind":"bundle","message":"eteams client bundle loaded v0.2.12"}}
{"at":1788504630123,"version":"v0.2.12","entry":{"at":1788504625667,"kind":"bundle","message":"eteams client bundle loaded v0.2.12"}}
{"at":1788504630123,"version":"v0.2.12","entry":{"at":1788504628120,"kind":"backdrop-geom","message":"canvas=1333x951 attr=position: absolute; top: 0px; left: 0px; width: 100%; height: 951px; opacity: 1; root=1333x951 scroll=1333x1041"}}
{"at":1788504672103,"version":"v0.2.12","entry":{"at":1788504669589,"kind":"bundle","message":"eteams client bundle loaded v0.2.12"}}
{"at":1788504674118,"version":"v0.2.12","entry":{"at":1788504669589,"kind":"bundle","message":"eteams client bundle loaded v0.2.12"}}
{"at":1788504674118,"version":"v0.2.12","entry":{"at":1788504672101,"kind":"backdrop-geom","message":"canvas=1333x945 attr=position: absolute; top: 0px; left: 0px; width: 100%; height: 945px; opacity: 1; root=1333x945 scroll=1333x1041"}}
{"at":1788508625102,"version":"v0.2.12","entry":{"at":1788508622798,"kind":"bundle","message":"eteams client bundle loaded v0.2.12"}}
{"at":1788508627103,"version":"v0.2.12","entry":{"at":1788508622798,"kind":"bundle","message":"eteams client bundle loaded v0.2.12"}}
{"at":1788508627103,"version":"v0.2.12","entry":{"at":1788508625099,"kind":"backdrop-geom","message":"canvas=1333x945 attr=position: absolute; top: 0px; left: 0px; width: 100%; height: 945px; opacity: 1; root=1333x945 scroll=1333x1041"}}
{"at":1788508796096,"version":"v0.2.12","entry":{"at":1788508793897,"kind":"bundle","message":"eteams client bundle loaded v0.2.12"}}
{"at":1788508798112,"version":"v0.2.12","entry":{"at":1788508793897,"kind":"bundle","message":"eteams client bundle loaded v0.2.12"}}
{"at":1788508798112,"version":"v0.2.12","entry":{"at":1788508796095,"kind":"backdrop-geom","message":"canvas=1333x945 attr=position: absolute; top: 0px; left: 0px; width: 100%; height: 945px; opacity: 1; root=1333x945 scroll=1333x1041"}}
{"at":1788509593094,"version":"v0.2.12","entry":{"at":1788509590299,"kind":"bundle","message":"eteams client bundle loaded v0.2.12"}}
{"at":1788509595109,"version":"v0.2.12","entry":{"at":1788509590299,"kind":"bundle","message":"eteams client bundle loaded v0.2.12"}}
{"at":1788509595109,"version":"v0.2.12","entry":{"at":1788509593093,"kind":"backdrop-geom","message":"canvas=1333x945 attr=position: absolute; top: 0px; left: 0px; width: 100%; height: 945px; opacity: 1; root=1333x945 scroll=1333x1041"}}
{"at":1788518764095,"version":"v0.2.12","entry":{"at":1788518761712,"kind":"bundle","message":"eteams client bundle loaded v0.2.12"}}
{"at":1788518767099,"version":"v0.2.12","entry":{"at":1788518761712,"kind":"bundle","message":"eteams client bundle loaded v0.2.12"}}
{"at":1788518767099,"version":"v0.2.12","entry":{"at":1788518764094,"kind":"backdrop-geom","message":"canvas=1333x945 attr=position: absolute; top: 0px; left: 0px; width: 100%; height: 945px; opacity: 1; root=1333x945 scroll=1333x1041"}}
{"at":1788519223092,"version":"v0.2.12","entry":{"at":1788519220632,"kind":"bundle","message":"eteams client bundle loaded v0.2.12"}}
{"at":1788519225103,"version":"v0.2.12","entry":{"at":1788519220632,"kind":"bundle","message":"eteams client bundle loaded v0.2.12"}}
{"at":1788519225103,"version":"v0.2.12","entry":{"at":1788519223091,"kind":"backdrop-geom","message":"canvas=1333x945 attr=position: absolute; top: 0px; left: 0px; width: 100%; height: 945px; opacity: 1; root=1333x945 scroll=1333x1041"}}
